// Jest Snapshot v1, https://goo.gl/fbAQLP

exports[`should render Expense Dashboard Board Page 1`] = `
<div>
  <ConnectFunction />
  <ConnectFunction />
</div>
`;
