// Jest Snapshot v1, https://goo.gl/fbAQLP

exports[`should render LoadingPage 1`] = `
<div
  className="loader"
>
  <img
    className="loader__image"
    src="/images/Pacman-loader.gif"
  />
  <h1>
    Loading...
  </h1>
</div>
`;
