// Jest Snapshot v1, https://goo.gl/fbAQLP

exports[`should correctly render LoginPage 1`] = `
<div>
  <e
    to="/dashboard"
  >
    <button>
      Login!
    </button>
  </e>
</div>
`;
